// Jest Snapshot v1, https://goo.gl/fbAQLP

exports[`render component renders component 1`] = `
<div>
  <ConnectFunction
    pageNumber="1"
  />
  <styled.span>
    <styled.a
      className="m-2"
      href="#"
      onClick={[Function]}
    >
      1
    </styled.a>
    <styled.a
      className="m-2"
      href="#"
      onClick={[Function]}
    >
      2
    </styled.a>
    <styled.a
      className="m-2"
      href="#"
      onClick={[Function]}
    >
      3
    </styled.a>
    <styled.a
      className="m-2"
      href="#"
      onClick={[Function]}
    >
      4
    </styled.a>
    <styled.a
      className="m-2"
      href="#"
      onClick={[Function]}
    >
      5
    </styled.a>
    <styled.a
      className="m-2"
      href="#"
      onClick={[Function]}
    >
      6
    </styled.a>
    <styled.a
      className="m-2"
      href="#"
      onClick={[Function]}
    >
      7
    </styled.a>
  </styled.span>
</div>
`;
