// Jest Snapshot v1, https://goo.gl/fbAQLP

exports[`render component renders component 1`] = `
<Fragment>
  <styled.tr
    active={false}
    onClick={[Function]}
  >
    <styled.td />
    <styled.td />
    <styled.td />
    <styled.td />
    <styled.td />
  </styled.tr>
  <PlanetInfo
    active={false}
    onToggle={[Function]}
    planet={Object {}}
  />
  <styled.tr
    active={false}
    onClick={[Function]}
  />
</Fragment>
`;
